
Cell nfet_03v3 (0) disconnected node: drain
Cell nfet_03v3 (0) disconnected node: gate
Cell nfet_03v3 (0) disconnected node: source
Cell nfet_03v3 (0) disconnected node: bulk
Equate elements:  no current cell.
Device classes nfet_03v3 and nfet_03v3 are equivalent.

Cell pfet_03v3 (0) disconnected node: drain
Cell pfet_03v3 (0) disconnected node: gate
Cell pfet_03v3 (0) disconnected node: source
Cell pfet_03v3 (0) disconnected node: bulk
Equate elements:  no current cell.
Device classes pfet_03v3 and pfet_03v3 are equivalent.
Flattening unmatched subcell D_latch1 in circuit D_ff1 (1)(2 instances)
Flattening unmatched subcell NAND2 in circuit D_ff1 (1)(8 instances)
Flattening unmatched subcell inv1 in circuit D_ff1 (1)(3 instances)

Subcircuit summary:
Circuit 1: D_ff1                           |Circuit 2: D_ff1                           
-------------------------------------------|-------------------------------------------
pfet_03v3 (19)                             |pfet_03v3 (19)                             
nfet_03v3 (19)                             |nfet_03v3 (19)                             
Number of devices: 38                      |Number of devices: 38                      
Number of nets: 23                         |Number of nets: 23                         
---------------------------------------------------------------------------------------
Netlists match uniquely.

Subcircuit pins:
Circuit 1: D_ff1                           |Circuit 2: D_ff1                           
-------------------------------------------|-------------------------------------------
Q                                          |Q                                          
Q_bar                                      |Q_bar                                      
D                                          |D                                          
VSS                                        |VSS                                        
CLK                                        |CLK                                        
VDD                                        |VDD                                        
---------------------------------------------------------------------------------------
Cell pin lists are equivalent.
Device classes D_ff1 and D_ff1 are equivalent.
Flattening unmatched subcell programmable_nfet in circuit programmable_folded_cascode (1)(7 instances)
Flattening unmatched subcell transmission_gate in circuit programmable_folded_cascode (1)(14 instances)
Flattening unmatched subcell programmable_pfet in circuit programmable_folded_cascode (1)(4 instances)
Flattening unmatched subcell transmission_gate in circuit programmable_folded_cascode (1)(8 instances)

Subcircuit summary:
Circuit 1: programmable_folded_cascode     |Circuit 2: programmable_folded_cascode     
-------------------------------------------|-------------------------------------------
pfet_03v3 (46)                             |pfet_03v3 (67->46)                         
nfet_03v3 (60)                             |nfet_03v3 (60)                             
Number of devices: 106                     |Number of devices: 106                     
Number of nets: 42                         |Number of nets: 42                         
---------------------------------------------------------------------------------------
Resolving symmetries by property value.
Netlists do not match.
   Networks match locally but not globally.
   Probably connections are swapped.
   Check the end of logfile comp.out for implicated nodes.
NET mismatches: Class fragments follow (with fanout counts):
Circuit 1: programmable_folded_cascode     |Circuit 2: programmable_folded_cascode     

---------------------------------------------------------------------------------------
Net: EN0                                   |Net: EN0                                   
  pfet_03v3/gate = 4                       |  nfet_03v3/2 = 11                         
  nfet_03v3/gate = 11                      |  pfet_03v3/2 = 4                          
                                           |                                           
Net: EN1                                   |Net: EN1                                   
  pfet_03v3/gate = 4                       |  nfet_03v3/2 = 11                         
  nfet_03v3/gate = 11                      |  pfet_03v3/2 = 4                          
---------------------------------------------------------------------------------------

---------------------------------------------------------------------------------------
Net: !EN0                                  |Net: !EN0                                  
  nfet_03v3/gate = 7                       |  nfet_03v3/2 = 7                          
  pfet_03v3/gate = 11                      |  pfet_03v3/2 = 11                         
                                           |                                           
Net: !EN1                                  |Net: !EN1                                  
  nfet_03v3/gate = 7                       |  nfet_03v3/2 = 7                          
  pfet_03v3/gate = 11                      |  pfet_03v3/2 = 11                         
---------------------------------------------------------------------------------------
Netlists do not match.
Port matching may fail to disambiguate symmetries.
  Flattening non-matched subcircuits programmable_folded_cascode programmable_folded_cascode

Cell programmable_telescopic_cascode (1) disconnected node: VDD
Cell programmable_telescopic_cascode (1) disconnected node: output
Cell programmable_telescopic_cascode (1) disconnected node: EN0
Cell programmable_telescopic_cascode (1) disconnected node: !EN0
Cell programmable_telescopic_cascode (1) disconnected node: EN1
Cell programmable_telescopic_cascode (1) disconnected node: !EN1
Cell programmable_telescopic_cascode (1) disconnected node: INN
Cell programmable_telescopic_cascode (1) disconnected node: INP
Cell programmable_telescopic_cascode (1) disconnected node: VSS
Cell programmable_telescopic_cascode (1) disconnected node: VG_BIAS
Equate elements:  no current cell.
Device classes programmable_telescopic_cascode and programmable_telescopic_cascode are equivalent.
Flattening unmatched subcell programmable_nfet in circuit programmable_5tOTA (1)(3 instances)
Flattening unmatched subcell transmission_gate in circuit programmable_5tOTA (1)(6 instances)
Flattening unmatched subcell programmable_pfet in circuit programmable_5tOTA (1)(2 instances)
Flattening unmatched subcell transmission_gate in circuit programmable_5tOTA (1)(4 instances)

Subcircuit summary:
Circuit 1: programmable_5tOTA              |Circuit 2: programmable_5tOTA              
-------------------------------------------|-------------------------------------------
nfet_03v3 (25)                             |nfet_03v3 (25)                             
pfet_03v3 (20)                             |pfet_03v3 (20)                             
Number of devices: 45                      |Number of devices: 45                      
Number of nets: 22                         |Number of nets: 22                         
---------------------------------------------------------------------------------------
Resolving symmetries by property value.
Resolving symmetries by pin name.
Resolving symmetries by net name.
Netlists match with 27 symmetries.

Subcircuit pins:
Circuit 1: programmable_5tOTA              |Circuit 2: programmable_5tOTA              
-------------------------------------------|-------------------------------------------
ena<1>                                     |EN0 **Mismatch**                           
ena<0>                                     |EN1 **Mismatch**                           
VDD                                        |VDD                                        
VOUT                                       |vout                                       
vin+                                       |vin+                                       
vin\x2d                                    |vin- **Mismatch**                          
V_bias                                     |V_bias                                     
ena_bar<1>                                 |!EN0 **Mismatch**                          
ena_bar<0>                                 |!EN1 **Mismatch**                          
VSS                                        |VSS                                        
---------------------------------------------------------------------------------------
Cell pin lists for programmable_5tOTA and programmable_5tOTA altered to match.
Device classes programmable_5tOTA and programmable_5tOTA are equivalent.
Flattening unmatched subcell programmable_nfet in circuit programmable_common_source (1)(1 instance)
Flattening unmatched subcell transmission_gate in circuit programmable_common_source (1)(2 instances)
Flattening unmatched subcell programmable_pfet in circuit programmable_common_source (1)(1 instance)
Flattening unmatched subcell transmission_gate in circuit programmable_common_source (1)(2 instances)

Subcircuit summary:
Circuit 1: programmable_common_source      |Circuit 2: programmable_common_source      
-------------------------------------------|-------------------------------------------
nfet_03v3 (9)                              |nfet_03v3 (9)                              
pfet_03v3 (9)                              |pfet_03v3 (9)                              
Number of devices: 18                      |Number of devices: 18                      
Number of nets: 13                         |Number of nets: 13                         
---------------------------------------------------------------------------------------
Resolving symmetries by property value.
Resolving symmetries by pin name.
Netlists match uniquely.

Subcircuit pins:
Circuit 1: programmable_common_source      |Circuit 2: programmable_common_source      
-------------------------------------------|-------------------------------------------
VG_BIAS                                    |VG_BIAS                                    
IN                                         |IN                                         
OUT                                        |OUT                                        
!EN0                                       |!EN0                                       
!EN1                                       |!EN1                                       
EN0                                        |EN0                                        
EN1                                        |EN1                                        
VSS                                        |VSS                                        
VDD                                        |VDD                                        
---------------------------------------------------------------------------------------
Cell pin lists are equivalent.
Device classes programmable_common_source and programmable_common_source are equivalent.

Subcircuit summary:
Circuit 1: scan_chain                      |Circuit 2: scan_chain                      
-------------------------------------------|-------------------------------------------
D_ff1 (9)                                  |D_ff1 (9)                                  
Number of devices: 9                       |Number of devices: 9                       
Number of nets: 22                         |Number of nets: 22                         
---------------------------------------------------------------------------------------
Netlists match uniquely.

Subcircuit pins:
Circuit 1: scan_chain                      |Circuit 2: scan_chain                      
-------------------------------------------|-------------------------------------------
scan_in                                    |scan_in                                    
!EN_0_FOLDED                               |!EN_0_FOLDED                               
!EN_1_FOLDED                               |!EN_1_FOLDED                               
!EN_1_CS                                   |!EN_1_CS                                   
!EN_0_TELESCOPIC                           |!EN_0_TELESCOPIC                           
!EN_1_5T                                   |!EN_1_5T                                   
!EN_0_5T                                   |!EN_0_5T                                   
!EN_1_TELESCOPIC                           |!EN_1_TELESCOPIC                           
!EN_0_CS                                   |!EN_0_CS                                   
scan_out                                   |scan_out                                   
EN_0_FOLDED                                |EN_0_FOLDED                                
EN_1_FOLDED                                |EN_1_FOLDED                                
EN_0_CS                                    |EN_0_CS                                    
EN_0_TELESCOPIC                            |EN_0_TELESCOPIC                            
EN_0_5T                                    |EN_0_5T                                    
EN_1_TELESCOPIC                            |EN_1_TELESCOPIC                            
EN_1_5T                                    |EN_1_5T                                    
EN_1_CS                                    |EN_1_CS                                    
VDD                                        |VDD                                        
CLK                                        |CLK                                        
VSS                                        |VSS                                        
---------------------------------------------------------------------------------------
Cell pin lists are equivalent.
Device classes scan_chain and scan_chain are equivalent.
Flattening unmatched subcell inv1 in circuit DUT (1)(1 instance)
Flattening unmatched subcell transmission_gate in circuit DUT (1)(8 instances)

Cell DUT (0) disconnected node: INP_TELESCOPIC
Cell DUT (0) disconnected node: INP_FOLDED
Cell DUT (0) disconnected node: INP_5T
Cell DUT (0) disconnected node: INN_TELESCOPIC
Cell DUT (0) disconnected node: INN_FOLDED
Cell DUT (0) disconnected node: INN_5T
Cell DUT (0) disconnected node: IBIAS
Cell DUT (0) disconnected node: IN_CS
Cell DUT (1) disconnected node: INP_FOLDED
Cell DUT (1) disconnected node: IBIAS
Cell DUT (1) disconnected node: INN_FOLDED
Cell DUT (1) disconnected node: INP_5T
Cell DUT (1) disconnected node: INN_5T
Cell DUT (1) disconnected node: INP_TELESCOPIC
Cell DUT (1) disconnected node: IN_CS
Cell DUT (1) disconnected node: INN_TELESCOPIC
Subcircuit summary:
Circuit 1: DUT                             |Circuit 2: DUT                             
-------------------------------------------|-------------------------------------------
pfet_03v3 (55)                             |pfet_03v3 (76->55)                         
nfet_03v3 (70)                             |nfet_03v3 (70)                             
programmable_telescopic_cascode (1)        |programmable_telescopic_cascode (1)        
programmable_5tOTA (1)                     |programmable_5tOTA (1)                     
programmable_common_source (1)             |programmable_common_source (1)             
scan_chain (1)                             |scan_chain (1)                             
cap_nmos_03v3_b (1)                        |cap_nmos_03v3_b (53->1)                    
Number of devices: 130                     |Number of devices: 130                     
Number of nets: 68 **Mismatch**            |Number of nets: 67 **Mismatch**            
---------------------------------------------------------------------------------------
NET mismatches: Class fragments follow (with fanout counts):
Circuit 1: DUT                             |Circuit 2: DUT                             

---------------------------------------------------------------------------------------
Net: SCAN_OUT                              |Net: SCAN_OUT                              
  scan_chain/scan_out = 1                  |  scan_chain/scan_out = 1                  
                                           |                                           
Net: SCAN_IN                               |Net: SCAN_IN                               
  scan_chain/scan_in = 1                   |  scan_chain/scan_in = 1                   
                                           |                                           
Net: CLK                                   |Net: CLK                                   
  scan_chain/CLK = 1                       |  scan_chain/CLK = 1                       
                                           |                                           
Net: OUT_TELESCOPIC                        |Net: OUT_TELESCOPIC                        
  programmable_telescopic_cascode/output = |  programmable_telescopic_cascode/output = 
                                           |                                           
Net: \$24                                  |Net: INN_TELESCOPIC_PROT                   
  programmable_telescopic_cascode/INN = 1  |  programmable_telescopic_cascode/INN = 1  
                                           |                                           
Net: \$6                                   |Net: INP_TELESCOPIC_PROT                   
  programmable_telescopic_cascode/INP = 1  |  programmable_telescopic_cascode/INP = 1  
                                           |                                           
Net: \$38                                  |Net: EN_1_5T                               
  programmable_telescopic_cascode/EN0 = 1  |  scan_chain/EN_1_5T = 1                   
  pfet_03v3/(drain|source) = 1             |  programmable_5tOTA/EN1 = 1               
  nfet_03v3/(drain|source) = 1             |  pfet_03v3/(1|3) = 1                      
                                           |  nfet_03v3/(1|3) = 1                      
                                           |                                           
Net: \$39                                  |Net: EN_0_5T                               
  programmable_telescopic_cascode/EN1 = 1  |  scan_chain/EN_0_5T = 1                   
  pfet_03v3/(drain|source) = 1             |  programmable_5tOTA/EN0 = 1               
  nfet_03v3/(drain|source) = 1             |  pfet_03v3/(1|3) = 1                      
                                           |  nfet_03v3/(1|3) = 1                      
                                           |                                           
Net: \$39 \$38                             |Net: EN_0_CS                               
  scan_chain/EN_1_TELESCOPIC = 1           |  scan_chain/EN_0_CS = 1                   
                                           |  programmable_common_source/EN0 = 1       
                                           |  pfet_03v3/(1|3) = 1                      
                                           |  nfet_03v3/(1|3) = 1                      
                                           |                                           
Net: \$96                                  |Net: EN_1_CS                               
  programmable_5tOTA/ena<1> = 1            |  scan_chain/EN_1_CS = 1                   
  scan_chain/EN_1_5T = 1                   |  programmable_common_source/EN1 = 1       
  pfet_03v3/(drain|source) = 1             |  pfet_03v3/(1|3) = 1                      
  nfet_03v3/(drain|source) = 1             |  nfet_03v3/(1|3) = 1                      
                                           |                                           
Net: \$94                                  |Net: EN_0_TELESCOPIC                       
  programmable_5tOTA/ena<0> = 1            |  scan_chain/EN_0_TELESCOPIC = 1           
  scan_chain/EN_0_5T = 1                   |  pfet_03v3/(1|3) = 1                      
  pfet_03v3/(drain|source) = 1             |  nfet_03v3/(1|3) = 1                      
  nfet_03v3/(drain|source) = 1             |  programmable_telescopic_cascode/EN0 = 1  
                                           |                                           
Net: \$72                                  |Net: EN_1_TELESCOPIC                       
  programmable_common_source/EN0 = 1       |  scan_chain/EN_1_TELESCOPIC = 1           
  scan_chain/EN_0_CS = 1                   |  pfet_03v3/(1|3) = 1                      
  pfet_03v3/(drain|source) = 1             |  nfet_03v3/(1|3) = 1                      
  nfet_03v3/(drain|source) = 1             |  programmable_telescopic_cascode/EN1 = 1  
                                           |                                           
Net: \$55                                  |(no matching net)                          
  programmable_common_source/EN1 = 1       |                                           
  scan_chain/EN_1_CS = 1                   |                                           
  pfet_03v3/(drain|source) = 1             |                                           
  nfet_03v3/(drain|source) = 1             |                                           
---------------------------------------------------------------------------------------

---------------------------------------------------------------------------------------
Net: \$44                                  |Net: !EN_1_TELESCOPIC                      
  programmable_common_source/!EN1 = 1      |  scan_chain/!EN_1_TELESCOPIC = 1          
  scan_chain/!EN_1_CS = 1                  |  programmable_telescopic_cascode/!EN1 = 1 
                                           |                                           
Net: \$53                                  |Net: !EN_0_5T                              
  programmable_common_source/!EN0 = 1      |  scan_chain/!EN_0_5T = 1                  
  scan_chain/!EN_0_CS = 1                  |  programmable_5tOTA/!EN0 = 1              
                                           |                                           
Net: \$93                                  |Net: !EN_1_5T                              
  programmable_5tOTA/ena_bar<0> = 1        |  scan_chain/!EN_1_5T = 1                  
  scan_chain/!EN_0_5T = 1                  |  programmable_5tOTA/!EN1 = 1              
                                           |                                           
Net: \$95                                  |Net: !EN_0_CS                              
  programmable_5tOTA/ena_bar<1> = 1        |  scan_chain/!EN_0_CS = 1                  
  scan_chain/!EN_1_5T = 1                  |  programmable_common_source/!EN0 = 1      
                                           |                                           
Net: \$43                                  |Net: !EN_0_TELESCOPIC                      
  programmable_telescopic_cascode/!EN0 = 1 |  scan_chain/!EN_0_TELESCOPIC = 1          
  scan_chain/EN_0_TELESCOPIC = 1           |  programmable_telescopic_cascode/!EN0 = 1 
                                           |                                           
Net: \$40                                  |Net: !EN_1_CS                              
  programmable_telescopic_cascode/!EN1 = 1 |  scan_chain/!EN_1_CS = 1                  
  scan_chain/!EN_1_TELESCOPIC = 1          |  programmable_common_source/!EN1 = 1      
---------------------------------------------------------------------------------------

---------------------------------------------------------------------------------------
Net: \$35                                  |Net: !EN_0_FOLDED                          
  nfet_03v3/gate = 7                       |  scan_chain/!EN_0_FOLDED = 1              
  pfet_03v3/gate = 11                      |  nfet_03v3/2 = 7                          
  scan_chain/EN_0_FOLDED = 1               |  pfet_03v3/2 = 11                         
                                           |                                           
Net: \$33                                  |Net: !EN_1_FOLDED                          
  nfet_03v3/gate = 7                       |  scan_chain/!EN_1_FOLDED = 1              
  pfet_03v3/gate = 11                      |  nfet_03v3/2 = 7                          
  scan_chain/!EN_0_TELESCOPIC = 1          |  pfet_03v3/2 = 11                         
---------------------------------------------------------------------------------------

---------------------------------------------------------------------------------------
Net: \$36                                  |Net: EN_0_FOLDED                           
  pfet_03v3/gate = 4                       |  scan_chain/EN_0_FOLDED = 1               
  nfet_03v3/gate = 11                      |  nfet_03v3/2 = 11                         
  scan_chain/EN_1_FOLDED = 1               |  pfet_03v3/2 = 4                          
  pfet_03v3/(drain|source) = 1             |  pfet_03v3/(1|3) = 1                      
  nfet_03v3/(drain|source) = 1             |  nfet_03v3/(1|3) = 1                      
                                           |                                           
Net: \$37                                  |Net: EN_1_FOLDED                           
  pfet_03v3/gate = 4                       |  scan_chain/EN_1_FOLDED = 1               
  nfet_03v3/gate = 11                      |  nfet_03v3/2 = 11                         
  scan_chain/!EN_1_FOLDED = 1              |  pfet_03v3/2 = 4                          
  pfet_03v3/(drain|source) = 1             |  pfet_03v3/(1|3) = 1                      
  nfet_03v3/(drain|source) = 1             |  nfet_03v3/(1|3) = 1                      
---------------------------------------------------------------------------------------

---------------------------------------------------------------------------------------
Net: \$16                                  |Net: IBIAS_PROT                            
  nfet_03v3/gate = 3                       |  nfet_03v3/2 = 3                          
  programmable_telescopic_cascode/VG_BIAS  |  programmable_telescopic_cascode/VG_BIAS  
  programmable_5tOTA/V_bias = 1            |  programmable_5tOTA/V_bias = 1            
  programmable_common_source/VG_BIAS = 1   |  programmable_common_source/VG_BIAS = 1   
  nfet_03v3/(drain|source) = 1             |  nfet_03v3/(1|3) = 1                      
---------------------------------------------------------------------------------------

---------------------------------------------------------------------------------------
Net: VSS                                   |Net: VSS                                   
  nfet_03v3/(drain|source) = 36            |  pfet_03v3/(1|3) = 8                      
  nfet_03v3/bulk = 70                      |  nfet_03v3/(1|3) = 36                     
  programmable_telescopic_cascode/VSS = 1  |  programmable_telescopic_cascode/VSS = 1  
  programmable_5tOTA/VSS = 1               |  programmable_5tOTA/VSS = 1               
  programmable_common_source/VSS = 1       |  programmable_common_source/VSS = 1       
  scan_chain/VSS = 1                       |  scan_chain/VSS = 1                       
  cap_nmos_03v3_b/bottom = 1               |  cap_nmos_03v3_b/bottom = 1               
  pfet_03v3/(drain|source) = 8             |  nfet_03v3/4 = 70                         
---------------------------------------------------------------------------------------

---------------------------------------------------------------------------------------
Net: VDD                                   |Net: VDD                                   
  pfet_03v3/bulk = 55                      |  pfet_03v3/4 = 55                         
  pfet_03v3/(drain|source) = 18            |  pfet_03v3/(1|3) = 18                     
  programmable_telescopic_cascode/VDD = 1  |  programmable_telescopic_cascode/VDD = 1  
  programmable_5tOTA/VDD = 1               |  programmable_5tOTA/VDD = 1               
  programmable_common_source/VDD = 1       |  programmable_common_source/VDD = 1       
  scan_chain/VDD = 1                       |  scan_chain/VDD = 1                       
  cap_nmos_03v3_b/top = 1                  |  cap_nmos_03v3_b/top = 1                  
---------------------------------------------------------------------------------------
DEVICE mismatches: Class fragments follow (with node fanout counts):
Circuit 1: DUT                             |Circuit 2: DUT                             

---------------------------------------------------------------------------------------
Instance: scan_chain:$9                    |Instance: scan_chain:1                     
  CLK = 1                                  |  CLK = 1                                  
  EN_0_5T = 4                              |  EN_0_5T = 4                              
  EN_0_CS = 4                              |  EN_0_CS = 4                              
  scan_in = 1                              |  scan_in = 1                              
  scan_out = 1                             |  scan_out = 1                             
  VDD = 78                                 |  VDD = 78                                 
  VSS = 119                                |  VSS = 119                                
  EN_1_CS = 4                              |  EN_1_CS = 4                              
  !EN_1_CS = 2                             |  !EN_1_CS = 2                             
  !EN_0_CS = 2                             |  !EN_0_CS = 2                             
  !EN_1_5T = 2                             |  !EN_1_5T = 2                             
  EN_1_5T = 4                              |  EN_1_5T = 4                              
  !EN_0_5T = 2                             |  !EN_0_5T = 2                             
  !EN_1_TELESCOPIC = 2                     |  !EN_1_TELESCOPIC = 2                     
  EN_1_TELESCOPIC = 1                      |  EN_1_TELESCOPIC = 4                      
  EN_0_TELESCOPIC = 2                      |  EN_0_TELESCOPIC = 4                      
  !EN_0_TELESCOPIC = 19                    |  !EN_0_TELESCOPIC = 2                     
  !EN_1_FOLDED = 18                        |  !EN_1_FOLDED = 19                        
  EN_1_FOLDED = 18                         |  EN_1_FOLDED = 18                         
  EN_0_FOLDED = 19                         |  EN_0_FOLDED = 18                         
                                           |  !EN_0_FOLDED = 19                        
---------------------------------------------------------------------------------------

---------------------------------------------------------------------------------------
Instance: programmable_telescopic_cascode: |Instance: programmable_telescopic_cascode: 
  !EN1 = 2                                 |  !EN1 = 2                                 
  !EN0 = 2                                 |  !EN0 = 2                                 
  VDD = 78                                 |  VDD = 78                                 
  VSS = 119                                |  VSS = 119                                
  VG_BIAS = 7                              |  VG_BIAS = 7                              
  EN1 = 3                                  |  EN1 = 4                                  
  EN0 = 3                                  |  EN0 = 4                                  
  output = 1                               |  output = 1                               
  INP = 1                                  |  INP = 1                                  
  INN = 1                                  |  INN = 1                                  
---------------------------------------------------------------------------------------
Netlists do not match.
Port matching may fail to disambiguate symmetries.

Subcircuit pins:
Circuit 1: DUT                             |Circuit 2: DUT                             
-------------------------------------------|-------------------------------------------
OUT_TELESCOPIC                             |CLK **Mismatch**                           
CLK                                        |(no pin, node is INP_TELESCOPIC_PROT)      
SCAN_IN                                    |(no pin, node is EN_1_5T)                  
SCAN_OUT                                   |(no pin, node is EN_0_5T)                  
OUT_CS                                     |OUT_CS                                     
OUT_5T                                     |OUT_5T                                     
PROG_ENA                                   |PROG_ENA                                   
OUT_FOLDED                                 |OUT_FOLDED                                 
VSS                                        |VSS                                        
VDD                                        |VDD                                        
INP_TELESCOPIC                             |INP_TELESCOPIC                             
INP_FOLDED                                 |INP_FOLDED                                 
INP_5T                                     |INP_5T                                     
INN_TELESCOPIC                             |INN_TELESCOPIC                             
INN_FOLDED                                 |INN_FOLDED                                 
INN_5T                                     |INN_5T                                     
IBIAS                                      |IBIAS                                      
IN_CS                                      |IN_CS                                      
(no pin, node is \$55)                     |SCAN_OUT                                   
(no pin, node is \$55)                     |SCAN_IN                                    
(no pin, node is \$55)                     |OUT_TELESCOPIC                             
---------------------------------------------------------------------------------------
Cell pin lists for DUT and DUT altered to match.
Device classes DUT and DUT are equivalent.

Final result: Top level cell failed pin matching.
